[2026-08-27 00:37:29] local.ERROR: syntax error, unexpected token "<<" {"exception":"[object] (ParseError(code: 0): syntax error, unexpected token \"<<\" at C:/Users/MIS-01/Documents/GitHub/Refactor-Kiosk/Refactored-Kiosk/backend/routes/api.php:26)
[stacktrace]
#0 C:/Users/MIS-01/Documents/GitHub/Refactor-Kiosk/Refactored-Kiosk/backend/vendor/laravel/framework/src/Illuminate/Routing/Router.php(526): Illuminate/Routing/RouteFileRegistrar->register('C://Users//MIS-01...')
#1 C:/Users/MIS-01/Documents/GitHub/Refactor-Kiosk/Refactored-Kiosk/backend/vendor/laravel/framework/src/Illuminate/Routing/Router.php(480): Illuminate/Routing/Router->loadRoutes('C://Users//MIS-01...')
#2 C:/Users/MIS-01/Documents/GitHub/Refactor-Kiosk/Refactored-Kiosk/backend/vendor/laravel/framework/src/Illuminate/Routing/RouteRegistrar.php(224): Illuminate/Routing/Router->group(Array, 'C://Users//MIS-01...')
#3 C:/Users/MIS-01/Documents/GitHub/Refactor-Kiosk/Refactored-Kiosk/backend/vendor/laravel/framework/src/Illuminate/Foundation/Configuration/ApplicationBuilder.php(219): Illuminate/Routing/RouteRegistrar->group('C://Users//MIS-01...')
#4 C:/Users/MIS-01/Documents/GitHub/Refactor-Kiosk/Refactored-Kiosk/backend/vendor/laravel/framework/src/Illuminate/Container/BoundMethod.php(36): Illuminate/Foundation/Configuration/ApplicationBuilder->{closure:Illuminate/Foundation/Configuration/ApplicationBuilder::buildRoutingCallback():210}()
#5 C:/Users/MIS-01/Documents/GitHub/Refactor-Kiosk/Refactored-Kiosk/backend/vendor/laravel/framework/src/Illuminate/Container/Util.php(43): Illuminate/Container/BoundMethod::{closure:Illuminate/Container/BoundMethod::call():35}()
#6 C:/Users/MIS-01/Documents/GitHub/Refactor-Kiosk/Refactored-Kiosk/backend/vendor/laravel/framework/src/Illuminate/Container/BoundMethod.php(84): Illuminate/Container/Util::unwrapIfClosure(Object(Closure))
#7 C:/Users/MIS-01/Documents/GitHub/Refactor-Kiosk/Refactored-Kiosk/backend/vendor/laravel/framework/src/Illuminate/Container/BoundMethod.php(35): Illuminate/Container/BoundMethod::callBoundMethod(Object(Illuminate/Foundation/Application), Object(Closure), Object(Closure))
#8 C:/Users/MIS-01/Documents/GitHub/Refactor-Kiosk/Refactored-Kiosk/backend/vendor/laravel/framework/src/Illuminate/Container/Container.php(801): Illuminate/Container/BoundMethod::call(Object(Illuminate/Foundation/Application), Object(Closure), Array, NULL)
#9 C:/Users/MIS-01/Documents/GitHub/Refactor-Kiosk/Refactored-Kiosk/backend/vendor/laravel/framework/src/Illuminate/Foundation/Support/Providers/RouteServiceProvider.php(162): Illuminate/Container/Container->call(Object(Closure))
#10 C:/Users/MIS-01/Documents/GitHub/Refactor-Kiosk/Refactored-Kiosk/backend/vendor/laravel/framework/src/Illuminate/Foundation/Support/Providers/RouteServiceProvider.php(59): Illuminate/Foundation/Support/Providers/RouteServiceProvider->loadRoutes()
#11 C:/Users/MIS-01/Documents/GitHub/Refactor-Kiosk/Refactored-Kiosk/backend/vendor/laravel/framework/src/Illuminate/Container/BoundMethod.php(36): Illuminate/Foundation/Support/Providers/RouteServiceProvider->{closure:Illuminate/Foundation/Support/Providers/RouteServiceProvider::register():53}()
#12 C:/Users/MIS-01/Documents/GitHub/Refactor-Kiosk/Refactored-Kiosk/backend/vendor/laravel/framework/src/Illuminate/Container/Util.php(43): Illuminate/Container/BoundMethod::{closure:Illuminate/Container/BoundMethod::call():35}()
#13 C:/Users/MIS-01/Documents/GitHub/Refactor-Kiosk/Refactored-Kiosk/backend/vendor/laravel/framework/src/Illuminate/Container/BoundMethod.php(84): Illuminate/Container/Util::unwrapIfClosure(Object(Closure))
#14 C:/Users/MIS-01/Documents/GitHub/Refactor-Kiosk/Refactored-Kiosk/backend/vendor/laravel/framework/src/Illuminate/Container/BoundMethod.php(35): Illuminate/Container/BoundMethod::callBoundMethod(Object(Illuminate/Foundation/Application), Object(Closure), Object(Closure))
#15 C:/Users/MIS-01/Documents/GitHub/Refactor-Kiosk/Refactored-Kiosk/backend/vendor/laravel/framework/src/Illuminate/Container/Container.php(801): Illuminate/Container/BoundMethod::call(Object(Illuminate/Foundation/Application), Object(Closure), Array, NULL)
#16 C:/Users/MIS-01/Documents/GitHub/Refactor-Kiosk/Refactored-Kiosk/backend/vendor/laravel/framework/src/Illuminate/Support/ServiceProvider.php(150): Illuminate/Container/Container->call(Object(Closure))
#17 C:/Users/MIS-01/Documents/GitHub/Refactor-Kiosk/Refactored-Kiosk/backend/vendor/laravel/framework/src/Illuminate/Foundation/Application.php(1161): Illuminate/Support/ServiceProvider->callBootedCallbacks()
#18 C:/Users/MIS-01/Documents/GitHub/Refactor-Kiosk/Refactored-Kiosk/backend/vendor/laravel/framework/src/Illuminate/Foundation/Application.php(1139): Illuminate/Foundation/Application->bootProvider(Object(Illuminate/Foundation/Support/Providers/RouteServiceProvider))
#19 [internal function]: Illuminate/Foundation/Application->{closure:Illuminate/Foundation/Application::boot():1138}(Object(Illuminate/Foundation/Support/Providers/RouteServiceProvider), 'Illuminate//Foun...')
#20 C:/Users/MIS-01/Documents/GitHub/Refactor-Kiosk/Refactored-Kiosk/backend/vendor/laravel/framework/src/Illuminate/Foundation/Application.php(1138): array_walk(Array, Object(Closure))
#21 C:/Users/MIS-01/Documents/GitHub/Refactor-Kiosk/Refactored-Kiosk/backend/vendor/laravel/framework/src/Illuminate/Foundation/Bootstrap/BootProviders.php(17): Illuminate/Foundation/Application->boot()
#22 C:/Users/MIS-01/Documents/GitHub/Refactor-Kiosk/Refactored-Kiosk/backend/vendor/laravel/framework/src/Illuminate/Foundation/Application.php(349): Illuminate/Foundation/Bootstrap/BootProviders->bootstrap(Object(Illuminate/Foundation/Application))
#23 C:/Users/MIS-01/Documents/GitHub/Refactor-Kiosk/Refactored-Kiosk/backend/vendor/laravel/framework/src/Illuminate/Foundation/Console/Kernel.php(494): Illuminate/Foundation/Application->bootstrapWith(Array)
#24 C:/Users/MIS-01/Documents/GitHub/Refactor-Kiosk/Refactored-Kiosk/backend/vendor/laravel/framework/src/Illuminate/Foundation/Console/Kernel.php(196): Illuminate/Foundation/Console/Kernel->bootstrap()
#25 C:/Users/MIS-01/Documents/GitHub/Refactor-Kiosk/Refactored-Kiosk/backend/vendor/laravel/framework/src/Illuminate/Foundation/Application.php(1242): Illuminate/Foundation/Console/Kernel->handle(Object(Symfony/Component/Console/Input/ArgvInput), Object(Symfony/Component/Console/Output/ConsoleOutput))
#26 C:/Users/MIS-01/Documents/GitHub/Refactor-Kiosk/Refactored-Kiosk/backend/artisan(16): Illuminate/Foundation/Application->handleCommand(Object(Symfony/Component/Console/Input/ArgvInput))
#27 {main}
"} 
[2026-09-02 10:24:41] local.ERROR: SQLSTATE[HY000]: General error: 1 no such column: welcome_background_url (Connection: sqlite, Database: C:\Users\MIS-01\Documents\GitHub\Refactor-Kiosk\backend\database\database.sqlite, SQL: update "system_settings" set "brand_name" = KIOSK, "tax_rate_basis_points" = 1200, "service_mode" = both, "currency" = PHP, "counter_payment_enabled" = 1, "card_payment_enabled" = 1, "idle_timeout_seconds" = 120, "auto_reset_seconds" = 15, "receipt_header" = Thank you for dining with us., "receipt_footer" = Please keep this receipt for your order., "welcome_background_url" = ?, "welcome_background_image" = ?, "wbox_enabled" = 1, "wbox_request_path" = C:\WBOX\Request, "wbox_response_path" = C:\WBOX\Response, "wbox_kiosk_number" = KIOSK-01, "wbox_version" = 1.0, "wbox_pdaver" = 1.0, "wbox_server" = 127.0.0.1, "wbox_device" = POS-01, "wbox_product" = RETAIL, "wbox_auth_token" = ?, "wbox_response_filename" = response.json, "wbox_retry_seconds" = 60, "updated_at" = 2026-09-02 10:24:37, "created_at" = 2026-08-27 00:40:35 where "rowid" in (select "system_settings"."rowid" from "system_settings" where ("id" = 1) limit 1)) {"userId":1,"exception":"[object] (Illuminate\\Database\\QueryException(code: HY000): SQLSTATE[HY000]: General error: 1 no such column: welcome_background_url (Connection: sqlite, Database: C:\\Users\\MIS-01\\Documents\\GitHub\\Refactor-Kiosk\\backend\\database\\database.sqlite, SQL: update \"system_settings\" set \"brand_name\" = KIOSK, \"tax_rate_basis_points\" = 1200, \"service_mode\" = both, \"currency\" = PHP, \"counter_payment_enabled\" = 1, \"card_payment_enabled\" = 1, \"idle_timeout_seconds\" = 120, \"auto_reset_seconds\" = 15, \"receipt_header\" = Thank you for dining with us., \"receipt_footer\" = Please keep this receipt for your order., \"welcome_background_url\" = ?, \"welcome_background_image\" = ?, \"wbox_enabled\" = 1, \"wbox_request_path\" = C:\\WBOX\\Request, \"wbox_response_path\" = C:\\WBOX\\Response, \"wbox_kiosk_number\" = KIOSK-01, \"wbox_version\" = 1.0, \"wbox_pdaver\" = 1.0, \"wbox_server\" = 127.0.0.1, \"wbox_device\" = POS-01, \"wbox_product\" = RETAIL, \"wbox_auth_token\" = ?, \"wbox_response_filename\" = response.json, \"wbox_retry_seconds\" = 60, \"updated_at\" = 2026-09-02 10:24:37, \"created_at\" = 2026-08-27 00:40:35 where \"rowid\" in (select \"system_settings\".\"rowid\" from \"system_settings\" where (\"id\" = 1) limit 1)) at C:/Users/MIS-01/Documents/GitHub/Refactor-Kiosk/backend/vendor/laravel/framework/src/Illuminate/Database/Connection.php:857)
[stacktrace]
#0 C:/Users/MIS-01/Documents/GitHub/Refactor-Kiosk/backend/vendor/laravel/framework/src/Illuminate/Database/Connection.php(813): Illuminate/Database/Connection->runQueryCallback('update \"system_...', Array, Object(Closure))
#1 C:/Users/MIS-01/Documents/GitHub/Refactor-Kiosk/backend/vendor/laravel/framework/src/Illuminate/Database/Connection.php(614): Illuminate/Database/Connection->run('update \"system_...', Array, Object(Closure))
#2 C:/Users/MIS-01/Documents/GitHub/Refactor-Kiosk/backend/vendor/laravel/framework/src/Illuminate/Database/Connection.php(566): Illuminate/Database/Connection->affectingStatement('update \"system_...', Array)
#3 C:/Users/MIS-01/Documents/GitHub/Refactor-Kiosk/backend/vendor/laravel/framework/src/Illuminate/Database/Query/Builder.php(4321): Illuminate/Database/Connection->update('update \"system_...', Array)
#4 C:/Users/MIS-01/Documents/GitHub/Refactor-Kiosk/backend/vendor/laravel/framework/src/Illuminate/Database/Query/Builder.php(4369): Illuminate/Database/Query/Builder->update(Object(Illuminate/Support/Collection))
#5 C:/Users/MIS-01/Documents/GitHub/Refactor-Kiosk/backend/app/Http/Controllers/Api/AdminSettingsController.php(65): Illuminate/Database/Query/Builder->updateOrInsert(Array, Array)
#6 C:/Users/MIS-01/Documents/GitHub/Refactor-Kiosk/backend/vendor/laravel/framework/src/Illuminate/Routing/ControllerDispatcher.php(46): App/Http/Controllers/Api/AdminSettingsController->update(Object(Illuminate/Http/Request))
#7 C:/Users/MIS-01/Documents/GitHub/Refactor-Kiosk/backend/vendor/laravel/framework/src/Illuminate/Routing/Route.php(276): Illuminate/Routing/ControllerDispatcher->dispatch(Object(Illuminate/Routing/Route), Object(App/Http/Controllers/Api/AdminSettingsController), 'update')
#8 C:/Users/MIS-01/Documents/GitHub/Refactor-Kiosk/backend/vendor/laravel/framework/src/Illuminate/Routing/Route.php(216): Illuminate/Routing/Route->runController()
#9 C:/Users/MIS-01/Documents/GitHub/Refactor-Kiosk/backend/vendor/laravel/framework/src/Illuminate/Routing/Router.php(822): Illuminate/Routing/Route->run()
#10 C:/Users/MIS-01/Documents/GitHub/Refactor-Kiosk/backend/vendor/laravel/framework/src/Illuminate/Pipeline/Pipeline.php(180): Illuminate/Routing/Router->{closure:Illuminate/Routing/Router::runRouteWithinStack():821}(Object(Illuminate/Http/Request))
#11 C:/Users/MIS-01/Documents/GitHub/Refactor-Kiosk/backend/vendor/laravel/framework/src/Illuminate/Routing/Middleware/SubstituteBindings.php(52): Illuminate/Pipeline/Pipeline->{closure:Illuminate/Pipeline/Pipeline::prepareDestination():178}(Object(Illuminate/Http/Request))
#12 C:/Users/MIS-01/Documents/GitHub/Refactor-Kiosk/backend/vendor/laravel/framework/src/Illuminate/Pipeline/Pipeline.php(219): Illuminate/Routing/Middleware/SubstituteBindings->handle(Object(Illuminate/Http/Request), Object(Closure))
#13 C:/Users/MIS-01/Documents/GitHub/Refactor-Kiosk/backend/vendor/laravel/framework/src/Illuminate/Auth/Middleware/Authenticate.php(63): Illuminate/Pipeline/Pipeline->{closure:{closure:Illuminate/Pipeline/Pipeline::carry():194}:195}(Object(Illuminate/Http/Request))
#14 C:/Users/MIS-01/Documents/GitHub/Refactor-Kiosk/backend/vendor/laravel/framework/src/Illuminate/Pipeline/Pipeline.php(219): Illuminate/Auth/Middleware/Authenticate->handle(Object(Illuminate/Http/Request), Object(Closure), 'sanctum')
#15 C:/Users/MIS-01/Documents/GitHub/Refactor-Kiosk/backend/vendor/laravel/framework/src/Illuminate/Pipeline/Pipeline.php(137): Illuminate/Pipeline/Pipeline->{closure:{closure:Illuminate/Pipeline/Pipeline::carry():194}:195}(Object(Illuminate/Http/Request))
#16 C:/Users/MIS-01/Documents/GitHub/Refactor-Kiosk/backend/vendor/laravel/framework/src/Illuminate/Routing/Router.php(821): Illuminate/Pipeline/Pipeline->then(Object(Closure))
#17 C:/Users/MIS-01/Documents/GitHub/Refactor-Kiosk/backend/vendor/laravel/framework/src/Illuminate/Routing/Router.php(800): Illuminate/Routing/Router->runRouteWithinStack(Object(Illuminate/Routing/Route), Object(Illuminate/Http/Request))
#18 C:/Users/MIS-01/Documents/GitHub/Refactor-Kiosk/backend/vendor/laravel/framework/src/Illuminate/Routing/Router.php(764): Illuminate/Routing/Router->runRoute(Object(Illuminate/Http/Request), Object(Illuminate/Routing/Route))
#19 C:/Users/MIS-01/Documents/GitHub/Refactor-Kiosk/backend/vendor/laravel/framework/src/Illuminate/Routing/Router.php(753): Illuminate/Routing/Router->dispatchToRoute(Object(Illuminate/Http/Request))
#20 C:/Users/MIS-01/Documents/GitHub/Refactor-Kiosk/backend/vendor/laravel/framework/src/Illuminate/Foundation/Http/Kernel.php(200): Illuminate/Routing/Router->dispatch(Object(Illuminate/Http/Request))
#21 C:/Users/MIS-01/Documents/GitHub/Refactor-Kiosk/backend/vendor/laravel/framework/src/Illuminate/Pipeline/Pipeline.php(180): Illuminate/Foundation/Http/Kernel->{closure:Illuminate/Foundation/Http/Kernel::dispatchToRouter():197}(Object(Illuminate/Http/Request))
#22 C:/Users/MIS-01/Documents/GitHub/Refactor-Kiosk/backend/vendor/laravel/framework/src/Illuminate/Foundation/Http/Middleware/TransformsRequest.php(21): Illuminate/Pipeline/Pipeline->{closure:Illuminate/Pipeline/Pipeline::prepareDestination():178}(Object(Illuminate/Http/Request))
#23 C:/Users/MIS-01/Documents/GitHub/Refactor-Kiosk/backend/vendor/laravel/framework/src/Illuminate/Foundation/Http/Middleware/ConvertEmptyStringsToNull.php(31): Illuminate/Foundation/Http/Middleware/TransformsRequest->handle(Object(Illuminate/Http/Request), Object(Closure))
#24 C:/Users/MIS-01/Documents/GitHub/Refactor-Kiosk/backend/vendor/laravel/framework/src/Illuminate/Pipeline/Pipeline.php(219): Illuminate/Foundation/Http/Middleware/ConvertEmptyStringsToNull->handle(Object(Illuminate/Http/Request), Object(Closure))
#25 C:/Users/MIS-01/Documents/GitHub/Refactor-Kiosk/backend/vendor/laravel/framework/src/Illuminate/Foundation/Http/Middleware/TransformsRequest.php(21): Illuminate/Pipeline/Pipeline->{closure:{closure:Illuminate/Pipeline/Pipeline::carry():194}:195}(Object(Illuminate/Http/Request))
#26 C:/Users/MIS-01/Documents/GitHub/Refactor-Kiosk/backend/vendor/laravel/framework/src/Illuminate/Foundation/Http/Middleware/TrimStrings.php(51): Illuminate/Foundation/Http/Middleware/TransformsRequest->handle(Object(Illuminate/Http/Request), Object(Closure))
#27 C:/Users/MIS-01/Documents/GitHub/Refactor-Kiosk/backend/vendor/laravel/framework/src/Illuminate/Pipeline/Pipeline.php(219): Illuminate/Foundation/Http/Middleware/TrimStrings->handle(Object(Illuminate/Http/Request), Object(Closure))
#28 C:/Users/MIS-01/Documents/GitHub/Refactor-Kiosk/backend/vendor/laravel/framework/src/Illuminate/Http/Middleware/ValidatePostSize.php(27): Illuminate/Pipeline/Pipeline->{closure:{closure:Illuminate/Pipeline/Pipeline::carry():194}:195}(Object(Illuminate/Http/Request))
#29 C:/Users/MIS-01/Documents/GitHub/Refactor-Kiosk/backend/vendor/laravel/framework/src/Illuminate/Pipeline/Pipeline.php(219): Illuminate/Http/Middleware/ValidatePostSize->handle(Object(Illuminate/Http/Request), Object(Closure))
#30 C:/Users/MIS-01/Documents/GitHub/Refactor-Kiosk/backend/vendor/laravel/framework/src/Illuminate/Foundation/Http/Middleware/PreventRequestsDuringMaintenance.php(110): Illuminate/Pipeline/Pipeline->{closure:{closure:Illuminate/Pipeline/Pipeline::carry():194}:195}(Object(Illuminate/Http/Request))
#31 C:/Users/MIS-01/Documents/GitHub/Refactor-Kiosk/backend/vendor/laravel/framework/src/Illuminate/Pipeline/Pipeline.php(219): Illuminate/Foundation/Http/Middleware/PreventRequestsDuringMaintenance->handle(Object(Illuminate/Http/Request), Object(Closure))
#32 C:/Users/MIS-01/Documents/GitHub/Refactor-Kiosk/backend/vendor/laravel/framework/src/Illuminate/Http/Middleware/HandleCors.php(74): Illuminate/Pipeline/Pipeline->{closure:{closure:Illuminate/Pipeline/Pipeline::carry():194}:195}(Object(Illuminate/Http/Request))
#33 C:/Users/MIS-01/Documents/GitHub/Refactor-Kiosk/backend/vendor/laravel/framework/src/Illuminate/Pipeline/Pipeline.php(219): Illuminate/Http/Middleware/HandleCors->handle(Object(Illuminate/Http/Request), Object(Closure))
#34 C:/Users/MIS-01/Documents/GitHub/Refactor-Kiosk/backend/vendor/laravel/framework/src/Illuminate/Http/Middleware/TrustProxies.php(58): Illuminate/Pipeline/Pipeline->{closure:{closure:Illuminate/Pipeline/Pipeline::carry():194}:195}(Object(Illuminate/Http/Request))
#35 C:/Users/MIS-01/Documents/GitHub/Refactor-Kiosk/backend/vendor/laravel/framework/src/Illuminate/Pipeline/Pipeline.php(219): Illuminate/Http/Middleware/TrustProxies->handle(Object(Illuminate/Http/Request), Object(Closure))
#36 C:/Users/MIS-01/Documents/GitHub/Refactor-Kiosk/backend/vendor/laravel/framework/src/Illuminate/Foundation/Http/Middleware/InvokeDeferredCallbacks.php(22): Illuminate/Pipeline/Pipeline->{closure:{closure:Illuminate/Pipeline/Pipeline::carry():194}:195}(Object(Illuminate/Http/Request))
#37 C:/Users/MIS-01/Documents/GitHub/Refactor-Kiosk/backend/vendor/laravel/framework/src/Illuminate/Pipeline/Pipeline.php(219): Illuminate/Foundation/Http/Middleware/InvokeDeferredCallbacks->handle(Object(Illuminate/Http/Request), Object(Closure))
#38 C:/Users/MIS-01/Documents/GitHub/Refactor-Kiosk/backend/vendor/laravel/framework/src/Illuminate/Http/Middleware/ValidatePathEncoding.php(28): Illuminate/Pipeline/Pipeline->{closure:{closure:Illuminate/Pipeline/Pipeline::carry():194}:195}(Object(Illuminate/Http/Request))
#39 C:/Users/MIS-01/Documents/GitHub/Refactor-Kiosk/backend/vendor/laravel/framework/src/Illuminate/Pipeline/Pipeline.php(219): Illuminate/Http/Middleware/ValidatePathEncoding->handle(Object(Illuminate/Http/Request), Object(Closure))
#40 C:/Users/MIS-01/Documents/GitHub/Refactor-Kiosk/backend/vendor/laravel/framework/src/Illuminate/Pipeline/Pipeline.php(137): Illuminate/Pipeline/Pipeline->{closure:{closure:Illuminate/Pipeline/Pipeline::carry():194}:195}(Object(Illuminate/Http/Request))
#41 C:/Users/MIS-01/Documents/GitHub/Refactor-Kiosk/backend/vendor/laravel/framework/src/Illuminate/Foundation/Http/Kernel.php(175): Illuminate/Pipeline/Pipeline->then(Object(Closure))
#42 C:/Users/MIS-01/Documents/GitHub/Refactor-Kiosk/backend/vendor/laravel/framework/src/Illuminate/Foundation/Http/Kernel.php(144): Illuminate/Foundation/Http/Kernel->sendRequestThroughRouter(Object(Illuminate/Http/Request))
#43 C:/Users/MIS-01/Documents/GitHub/Refactor-Kiosk/backend/vendor/laravel/framework/src/Illuminate/Foundation/Application.php(1227): Illuminate/Foundation/Http/Kernel->handle(Object(Illuminate/Http/Request))
#44 C:/Users/MIS-01/Documents/GitHub/Refactor-Kiosk/backend/public/index.php(20): Illuminate/Foundation/Application->handleRequest(Object(Illuminate/Http/Request))
#45 C:/Users/MIS-01/Documents/GitHub/Refactor-Kiosk/backend/vendor/laravel/framework/src/Illuminate/Foundation/resources/server.php(23): require_once('C://Users//MIS-01...')
#46 {main}

[previous exception] [object] (PDOException(code: HY000): SQLSTATE[HY000]: General error: 1 no such column: welcome_background_url at C:/Users/MIS-01/Documents/GitHub/Refactor-Kiosk/backend/vendor/laravel/framework/src/Illuminate/Database/Connection.php:622)
[stacktrace]
#0 C:/Users/MIS-01/Documents/GitHub/Refactor-Kiosk/backend/vendor/laravel/framework/src/Illuminate/Database/Connection.php(622): PDO->prepare('update \"system_...')
#1 C:/Users/MIS-01/Documents/GitHub/Refactor-Kiosk/backend/vendor/laravel/framework/src/Illuminate/Database/Connection.php(846): Illuminate/Database/Connection->{closure:Illuminate/Database/Connection::affectingStatement():614}('update \"system_...', Array)
#2 C:/Users/MIS-01/Documents/GitHub/Refactor-Kiosk/backend/vendor/laravel/framework/src/Illuminate/Database/Connection.php(813): Illuminate/Database/Connection->runQueryCallback('update \"system_...', Array, Object(Closure))
#3 C:/Users/MIS-01/Documents/GitHub/Refactor-Kiosk/backend/vendor/laravel/framework/src/Illuminate/Database/Connection.php(614): Illuminate/Database/Connection->run('update \"system_...', Array, Object(Closure))
#4 C:/Users/MIS-01/Documents/GitHub/Refactor-Kiosk/backend/vendor/laravel/framework/src/Illuminate/Database/Connection.php(566): Illuminate/Database/Connection->affectingStatement('update \"system_...', Array)
#5 C:/Users/MIS-01/Documents/GitHub/Refactor-Kiosk/backend/vendor/laravel/framework/src/Illuminate/Database/Query/Builder.php(4321): Illuminate/Database/Connection->update('update \"system_...', Array)
#6 C:/Users/MIS-01/Documents/GitHub/Refactor-Kiosk/backend/vendor/laravel/framework/src/Illuminate/Database/Query/Builder.php(4369): Illuminate/Database/Query/Builder->update(Object(Illuminate/Support/Collection))
#7 C:/Users/MIS-01/Documents/GitHub/Refactor-Kiosk/backend/app/Http/Controllers/Api/AdminSettingsController.php(65): Illuminate/Database/Query/Builder->updateOrInsert(Array, Array)
#8 C:/Users/MIS-01/Documents/GitHub/Refactor-Kiosk/backend/vendor/laravel/framework/src/Illuminate/Routing/ControllerDispatcher.php(46): App/Http/Controllers/Api/AdminSettingsController->update(Object(Illuminate/Http/Request))
#9 C:/Users/MIS-01/Documents/GitHub/Refactor-Kiosk/backend/vendor/laravel/framework/src/Illuminate/Routing/Route.php(276): Illuminate/Routing/ControllerDispatcher->dispatch(Object(Illuminate/Routing/Route), Object(App/Http/Controllers/Api/AdminSettingsController), 'update')
#10 C:/Users/MIS-01/Documents/GitHub/Refactor-Kiosk/backend/vendor/laravel/framework/src/Illuminate/Routing/Route.php(216): Illuminate/Routing/Route->runController()
#11 C:/Users/MIS-01/Documents/GitHub/Refactor-Kiosk/backend/vendor/laravel/framework/src/Illuminate/Routing/Router.php(822): Illuminate/Routing/Route->run()
#12 C:/Users/MIS-01/Documents/GitHub/Refactor-Kiosk/backend/vendor/laravel/framework/src/Illuminate/Pipeline/Pipeline.php(180): Illuminate/Routing/Router->{closure:Illuminate/Routing/Router::runRouteWithinStack():821}(Object(Illuminate/Http/Request))
#13 C:/Users/MIS-01/Documents/GitHub/Refactor-Kiosk/backend/vendor/laravel/framework/src/Illuminate/Routing/Middleware/SubstituteBindings.php(52): Illuminate/Pipeline/Pipeline->{closure:Illuminate/Pipeline/Pipeline::prepareDestination():178}(Object(Illuminate/Http/Request))
#14 C:/Users/MIS-01/Documents/GitHub/Refactor-Kiosk/backend/vendor/laravel/framework/src/Illuminate/Pipeline/Pipeline.php(219): Illuminate/Routing/Middleware/SubstituteBindings->handle(Object(Illuminate/Http/Request), Object(Closure))
#15 C:/Users/MIS-01/Documents/GitHub/Refactor-Kiosk/backend/vendor/laravel/framework/src/Illuminate/Auth/Middleware/Authenticate.php(63): Illuminate/Pipeline/Pipeline->{closure:{closure:Illuminate/Pipeline/Pipeline::carry():194}:195}(Object(Illuminate/Http/Request))
#16 C:/Users/MIS-01/Documents/GitHub/Refactor-Kiosk/backend/vendor/laravel/framework/src/Illuminate/Pipeline/Pipeline.php(219): Illuminate/Auth/Middleware/Authenticate->handle(Object(Illuminate/Http/Request), Object(Closure), 'sanctum')
#17 C:/Users/MIS-01/Documents/GitHub/Refactor-Kiosk/backend/vendor/laravel/framework/src/Illuminate/Pipeline/Pipeline.php(137): Illuminate/Pipeline/Pipeline->{closure:{closure:Illuminate/Pipeline/Pipeline::carry():194}:195}(Object(Illuminate/Http/Request))
#18 C:/Users/MIS-01/Documents/GitHub/Refactor-Kiosk/backend/vendor/laravel/framework/src/Illuminate/Routing/Router.php(821): Illuminate/Pipeline/Pipeline->then(Object(Closure))
#19 C:/Users/MIS-01/Documents/GitHub/Refactor-Kiosk/backend/vendor/laravel/framework/src/Illuminate/Routing/Router.php(800): Illuminate/Routing/Router->runRouteWithinStack(Object(Illuminate/Routing/Route), Object(Illuminate/Http/Request))
#20 C:/Users/MIS-01/Documents/GitHub/Refactor-Kiosk/backend/vendor/laravel/framework/src/Illuminate/Routing/Router.php(764): Illuminate/Routing/Router->runRoute(Object(Illuminate/Http/Request), Object(Illuminate/Routing/Route))
#21 C:/Users/MIS-01/Documents/GitHub/Refactor-Kiosk/backend/vendor/laravel/framework/src/Illuminate/Routing/Router.php(753): Illuminate/Routing/Router->dispatchToRoute(Object(Illuminate/Http/Request))
#22 C:/Users/MIS-01/Documents/GitHub/Refactor-Kiosk/backend/vendor/laravel/framework/src/Illuminate/Foundation/Http/Kernel.php(200): Illuminate/Routing/Router->dispatch(Object(Illuminate/Http/Request))
#23 C:/Users/MIS-01/Documents/GitHub/Refactor-Kiosk/backend/vendor/laravel/framework/src/Illuminate/Pipeline/Pipeline.php(180): Illuminate/Foundation/Http/Kernel->{closure:Illuminate/Foundation/Http/Kernel::dispatchToRouter():197}(Object(Illuminate/Http/Request))
#24 C:/Users/MIS-01/Documents/GitHub/Refactor-Kiosk/backend/vendor/laravel/framework/src/Illuminate/Foundation/Http/Middleware/TransformsRequest.php(21): Illuminate/Pipeline/Pipeline->{closure:Illuminate/Pipeline/Pipeline::prepareDestination():178}(Object(Illuminate/Http/Request))
#25 C:/Users/MIS-01/Documents/GitHub/Refactor-Kiosk/backend/vendor/laravel/framework/src/Illuminate/Foundation/Http/Middleware/ConvertEmptyStringsToNull.php(31): Illuminate/Foundation/Http/Middleware/TransformsRequest->handle(Object(Illuminate/Http/Request), Object(Closure))
#26 C:/Users/MIS-01/Documents/GitHub/Refactor-Kiosk/backend/vendor/laravel/framework/src/Illuminate/Pipeline/Pipeline.php(219): Illuminate/Foundation/Http/Middleware/ConvertEmptyStringsToNull->handle(Object(Illuminate/Http/Request), Object(Closure))
#27 C:/Users/MIS-01/Documents/GitHub/Refactor-Kiosk/backend/vendor/laravel/framework/src/Illuminate/Foundation/Http/Middleware/TransformsRequest.php(21): Illuminate/Pipeline/Pipeline->{closure:{closure:Illuminate/Pipeline/Pipeline::carry():194}:195}(Object(Illuminate/Http/Request))
#28 C:/Users/MIS-01/Documents/GitHub/Refactor-Kiosk/backend/vendor/laravel/framework/src/Illuminate/Foundation/Http/Middleware/TrimStrings.php(51): Illuminate/Foundation/Http/Middleware/TransformsRequest->handle(Object(Illuminate/Http/Request), Object(Closure))
#29 C:/Users/MIS-01/Documents/GitHub/Refactor-Kiosk/backend/vendor/laravel/framework/src/Illuminate/Pipeline/Pipeline.php(219): Illuminate/Foundation/Http/Middleware/TrimStrings->handle(Object(Illuminate/Http/Request), Object(Closure))
#30 C:/Users/MIS-01/Documents/GitHub/Refactor-Kiosk/backend/vendor/laravel/framework/src/Illuminate/Http/Middleware/ValidatePostSize.php(27): Illuminate/Pipeline/Pipeline->{closure:{closure:Illuminate/Pipeline/Pipeline::carry():194}:195}(Object(Illuminate/Http/Request))
#31 C:/Users/MIS-01/Documents/GitHub/Refactor-Kiosk/backend/vendor/laravel/framework/src/Illuminate/Pipeline/Pipeline.php(219): Illuminate/Http/Middleware/ValidatePostSize->handle(Object(Illuminate/Http/Request), Object(Closure))
#32 C:/Users/MIS-01/Documents/GitHub/Refactor-Kiosk/backend/vendor/laravel/framework/src/Illuminate/Foundation/Http/Middleware/PreventRequestsDuringMaintenance.php(110): Illuminate/Pipeline/Pipeline->{closure:{closure:Illuminate/Pipeline/Pipeline::carry():194}:195}(Object(Illuminate/Http/Request))
#33 C:/Users/MIS-01/Documents/GitHub/Refactor-Kiosk/backend/vendor/laravel/framework/src/Illuminate/Pipeline/Pipeline.php(219): Illuminate/Foundation/Http/Middleware/PreventRequestsDuringMaintenance->handle(Object(Illuminate/Http/Request), Object(Closure))
#34 C:/Users/MIS-01/Documents/GitHub/Refactor-Kiosk/backend/vendor/laravel/framework/src/Illuminate/Http/Middleware/HandleCors.php(74): Illuminate/Pipeline/Pipeline->{closure:{closure:Illuminate/Pipeline/Pipeline::carry():194}:195}(Object(Illuminate/Http/Request))
#35 C:/Users/MIS-01/Documents/GitHub/Refactor-Kiosk/backend/vendor/laravel/framework/src/Illuminate/Pipeline/Pipeline.php(219): Illuminate/Http/Middleware/HandleCors->handle(Object(Illuminate/Http/Request), Object(Closure))
#36 C:/Users/MIS-01/Documents/GitHub/Refactor-Kiosk/backend/vendor/laravel/framework/src/Illuminate/Http/Middleware/TrustProxies.php(58): Illuminate/Pipeline/Pipeline->{closure:{closure:Illuminate/Pipeline/Pipeline::carry():194}:195}(Object(Illuminate/Http/Request))
#37 C:/Users/MIS-01/Documents/GitHub/Refactor-Kiosk/backend/vendor/laravel/framework/src/Illuminate/Pipeline/Pipeline.php(219): Illuminate/Http/Middleware/TrustProxies->handle(Object(Illuminate/Http/Request), Object(Closure))
#38 C:/Users/MIS-01/Documents/GitHub/Refactor-Kiosk/backend/vendor/laravel/framework/src/Illuminate/Foundation/Http/Middleware/InvokeDeferredCallbacks.php(22): Illuminate/Pipeline/Pipeline->{closure:{closure:Illuminate/Pipeline/Pipeline::carry():194}:195}(Object(Illuminate/Http/Request))
#39 C:/Users/MIS-01/Documents/GitHub/Refactor-Kiosk/backend/vendor/laravel/framework/src/Illuminate/Pipeline/Pipeline.php(219): Illuminate/Foundation/Http/Middleware/InvokeDeferredCallbacks->handle(Object(Illuminate/Http/Request), Object(Closure))
#40 C:/Users/MIS-01/Documents/GitHub/Refactor-Kiosk/backend/vendor/laravel/framework/src/Illuminate/Http/Middleware/ValidatePathEncoding.php(28): Illuminate/Pipeline/Pipeline->{closure:{closure:Illuminate/Pipeline/Pipeline::carry():194}:195}(Object(Illuminate/Http/Request))
#41 C:/Users/MIS-01/Documents/GitHub/Refactor-Kiosk/backend/vendor/laravel/framework/src/Illuminate/Pipeline/Pipeline.php(219): Illuminate/Http/Middleware/ValidatePathEncoding->handle(Object(Illuminate/Http/Request), Object(Closure))
#42 C:/Users/MIS-01/Documents/GitHub/Refactor-Kiosk/backend/vendor/laravel/framework/src/Illuminate/Pipeline/Pipeline.php(137): Illuminate/Pipeline/Pipeline->{closure:{closure:Illuminate/Pipeline/Pipeline::carry():194}:195}(Object(Illuminate/Http/Request))
#43 C:/Users/MIS-01/Documents/GitHub/Refactor-Kiosk/backend/vendor/laravel/framework/src/Illuminate/Foundation/Http/Kernel.php(175): Illuminate/Pipeline/Pipeline->then(Object(Closure))
#44 C:/Users/MIS-01/Documents/GitHub/Refactor-Kiosk/backend/vendor/laravel/framework/src/Illuminate/Foundation/Http/Kernel.php(144): Illuminate/Foundation/Http/Kernel->sendRequestThroughRouter(Object(Illuminate/Http/Request))
#45 C:/Users/MIS-01/Documents/GitHub/Refactor-Kiosk/backend/vendor/laravel/framework/src/Illuminate/Foundation/Application.php(1227): Illuminate/Foundation/Http/Kernel->handle(Object(Illuminate/Http/Request))
#46 C:/Users/MIS-01/Documents/GitHub/Refactor-Kiosk/backend/public/index.php(20): Illuminate/Foundation/Application->handleRequest(Object(Illuminate/Http/Request))
#47 C:/Users/MIS-01/Documents/GitHub/Refactor-Kiosk/backend/vendor/laravel/framework/src/Illuminate/Foundation/resources/server.php(23): require_once('C://Users//MIS-01...')
#48 {main}
"} 
[2026-09-02 10:24:49] local.ERROR: SQLSTATE[HY000]: General error: 1 no such column: welcome_background_url (Connection: sqlite, Database: C:\Users\MIS-01\Documents\GitHub\Refactor-Kiosk\backend\database\database.sqlite, SQL: update "system_settings" set "brand_name" = KIOSK, "tax_rate_basis_points" = 1200, "service_mode" = both, "currency" = PHP, "counter_payment_enabled" = 1, "card_payment_enabled" = 1, "idle_timeout_seconds" = 120, "auto_reset_seconds" = 15, "receipt_header" = Thank you for dining with us., "receipt_footer" = Please keep this receipt for your order., "welcome_background_url" = ?, "welcome_background_image" = ?, "wbox_enabled" = 1, "wbox_request_path" = C:\WBOX\Request, "wbox_response_path" = C:\WBOX\Response, "wbox_kiosk_number" = KIOSK-01, "wbox_version" = 1.0, "wbox_pdaver" = 1.0, "wbox_server" = 127.0.0.1, "wbox_device" = POS-01, "wbox_product" = RETAIL, "wbox_auth_token" = ?, "wbox_response_filename" = response.json, "wbox_retry_seconds" = 60, "updated_at" = 2026-09-02 10:24:49, "created_at" = 2026-08-27 00:40:35 where "rowid" in (select "system_settings"."rowid" from "system_settings" where ("id" = 1) limit 1)) {"userId":1,"exception":"[object] (Illuminate\\Database\\QueryException(code: HY000): SQLSTATE[HY000]: General error: 1 no such column: welcome_background_url (Connection: sqlite, Database: C:\\Users\\MIS-01\\Documents\\GitHub\\Refactor-Kiosk\\backend\\database\\database.sqlite, SQL: update \"system_settings\" set \"brand_name\" = KIOSK, \"tax_rate_basis_points\" = 1200, \"service_mode\" = both, \"currency\" = PHP, \"counter_payment_enabled\" = 1, \"card_payment_enabled\" = 1, \"idle_timeout_seconds\" = 120, \"auto_reset_seconds\" = 15, \"receipt_header\" = Thank you for dining with us., \"receipt_footer\" = Please keep this receipt for your order., \"welcome_background_url\" = ?, \"welcome_background_image\" = ?, \"wbox_enabled\" = 1, \"wbox_request_path\" = C:\\WBOX\\Request, \"wbox_response_path\" = C:\\WBOX\\Response, \"wbox_kiosk_number\" = KIOSK-01, \"wbox_version\" = 1.0, \"wbox_pdaver\" = 1.0, \"wbox_server\" = 127.0.0.1, \"wbox_device\" = POS-01, \"wbox_product\" = RETAIL, \"wbox_auth_token\" = ?, \"wbox_response_filename\" = response.json, \"wbox_retry_seconds\" = 60, \"updated_at\" = 2026-09-02 10:24:49, \"created_at\" = 2026-08-27 00:40:35 where \"rowid\" in (select \"system_settings\".\"rowid\" from \"system_settings\" where (\"id\" = 1) limit 1)) at C:/Users/MIS-01/Documents/GitHub/Refactor-Kiosk/backend/vendor/laravel/framework/src/Illuminate/Database/Connection.php:857)
[stacktrace]
#0 C:/Users/MIS-01/Documents/GitHub/Refactor-Kiosk/backend/vendor/laravel/framework/src/Illuminate/Database/Connection.php(813): Illuminate/Database/Connection->runQueryCallback('update \"system_...', Array, Object(Closure))
#1 C:/Users/MIS-01/Documents/GitHub/Refactor-Kiosk/backend/vendor/laravel/framework/src/Illuminate/Database/Connection.php(614): Illuminate/Database/Connection->run('update \"system_...', Array, Object(Closure))
#2 C:/Users/MIS-01/Documents/GitHub/Refactor-Kiosk/backend/vendor/laravel/framework/src/Illuminate/Database/Connection.php(566): Illuminate/Database/Connection->affectingStatement('update \"system_...', Array)
#3 C:/Users/MIS-01/Documents/GitHub/Refactor-Kiosk/backend/vendor/laravel/framework/src/Illuminate/Database/Query/Builder.php(4321): Illuminate/Database/Connection->update('update \"system_...', Array)
#4 C:/Users/MIS-01/Documents/GitHub/Refactor-Kiosk/backend/vendor/laravel/framework/src/Illuminate/Database/Query/Builder.php(4369): Illuminate/Database/Query/Builder->update(Object(Illuminate/Support/Collection))
#5 C:/Users/MIS-01/Documents/GitHub/Refactor-Kiosk/backend/app/Http/Controllers/Api/AdminSettingsController.php(65): Illuminate/Database/Query/Builder->updateOrInsert(Array, Array)
#6 C:/Users/MIS-01/Documents/GitHub/Refactor-Kiosk/backend/vendor/laravel/framework/src/Illuminate/Routing/ControllerDispatcher.php(46): App/Http/Controllers/Api/AdminSettingsController->update(Object(Illuminate/Http/Request))
#7 C:/Users/MIS-01/Documents/GitHub/Refactor-Kiosk/backend/vendor/laravel/framework/src/Illuminate/Routing/Route.php(276): Illuminate/Routing/ControllerDispatcher->dispatch(Object(Illuminate/Routing/Route), Object(App/Http/Controllers/Api/AdminSettingsController), 'update')
#8 C:/Users/MIS-01/Documents/GitHub/Refactor-Kiosk/backend/vendor/laravel/framework/src/Illuminate/Routing/Route.php(216): Illuminate/Routing/Route->runController()
#9 C:/Users/MIS-01/Documents/GitHub/Refactor-Kiosk/backend/vendor/laravel/framework/src/Illuminate/Routing/Router.php(822): Illuminate/Routing/Route->run()
#10 C:/Users/MIS-01/Documents/GitHub/Refactor-Kiosk/backend/vendor/laravel/framework/src/Illuminate/Pipeline/Pipeline.php(180): Illuminate/Routing/Router->{closure:Illuminate/Routing/Router::runRouteWithinStack():821}(Object(Illuminate/Http/Request))
#11 C:/Users/MIS-01/Documents/GitHub/Refactor-Kiosk/backend/vendor/laravel/framework/src/Illuminate/Routing/Middleware/SubstituteBindings.php(52): Illuminate/Pipeline/Pipeline->{closure:Illuminate/Pipeline/Pipeline::prepareDestination():178}(Object(Illuminate/Http/Request))
#12 C:/Users/MIS-01/Documents/GitHub/Refactor-Kiosk/backend/vendor/laravel/framework/src/Illuminate/Pipeline/Pipeline.php(219): Illuminate/Routing/Middleware/SubstituteBindings->handle(Object(Illuminate/Http/Request), Object(Closure))
#13 C:/Users/MIS-01/Documents/GitHub/Refactor-Kiosk/backend/vendor/laravel/framework/src/Illuminate/Auth/Middleware/Authenticate.php(63): Illuminate/Pipeline/Pipeline->{closure:{closure:Illuminate/Pipeline/Pipeline::carry():194}:195}(Object(Illuminate/Http/Request))
#14 C:/Users/MIS-01/Documents/GitHub/Refactor-Kiosk/backend/vendor/laravel/framework/src/Illuminate/Pipeline/Pipeline.php(219): Illuminate/Auth/Middleware/Authenticate->handle(Object(Illuminate/Http/Request), Object(Closure), 'sanctum')
#15 C:/Users/MIS-01/Documents/GitHub/Refactor-Kiosk/backend/vendor/laravel/framework/src/Illuminate/Pipeline/Pipeline.php(137): Illuminate/Pipeline/Pipeline->{closure:{closure:Illuminate/Pipeline/Pipeline::carry():194}:195}(Object(Illuminate/Http/Request))
#16 C:/Users/MIS-01/Documents/GitHub/Refactor-Kiosk/backend/vendor/laravel/framework/src/Illuminate/Routing/Router.php(821): Illuminate/Pipeline/Pipeline->then(Object(Closure))
#17 C:/Users/MIS-01/Documents/GitHub/Refactor-Kiosk/backend/vendor/laravel/framework/src/Illuminate/Routing/Router.php(800): Illuminate/Routing/Router->runRouteWithinStack(Object(Illuminate/Routing/Route), Object(Illuminate/Http/Request))
#18 C:/Users/MIS-01/Documents/GitHub/Refactor-Kiosk/backend/vendor/laravel/framework/src/Illuminate/Routing/Router.php(764): Illuminate/Routing/Router->runRoute(Object(Illuminate/Http/Request), Object(Illuminate/Routing/Route))
#19 C:/Users/MIS-01/Documents/GitHub/Refactor-Kiosk/backend/vendor/laravel/framework/src/Illuminate/Routing/Router.php(753): Illuminate/Routing/Router->dispatchToRoute(Object(Illuminate/Http/Request))
#20 C:/Users/MIS-01/Documents/GitHub/Refactor-Kiosk/backend/vendor/laravel/framework/src/Illuminate/Foundation/Http/Kernel.php(200): Illuminate/Routing/Router->dispatch(Object(Illuminate/Http/Request))
#21 C:/Users/MIS-01/Documents/GitHub/Refactor-Kiosk/backend/vendor/laravel/framework/src/Illuminate/Pipeline/Pipeline.php(180): Illuminate/Foundation/Http/Kernel->{closure:Illuminate/Foundation/Http/Kernel::dispatchToRouter():197}(Object(Illuminate/Http/Request))
#22 C:/Users/MIS-01/Documents/GitHub/Refactor-Kiosk/backend/vendor/laravel/framework/src/Illuminate/Foundation/Http/Middleware/TransformsRequest.php(21): Illuminate/Pipeline/Pipeline->{closure:Illuminate/Pipeline/Pipeline::prepareDestination():178}(Object(Illuminate/Http/Request))
#23 C:/Users/MIS-01/Documents/GitHub/Refactor-Kiosk/backend/vendor/laravel/framework/src/Illuminate/Foundation/Http/Middleware/ConvertEmptyStringsToNull.php(31): Illuminate/Foundation/Http/Middleware/TransformsRequest->handle(Object(Illuminate/Http/Request), Object(Closure))
#24 C:/Users/MIS-01/Documents/GitHub/Refactor-Kiosk/backend/vendor/laravel/framework/src/Illuminate/Pipeline/Pipeline.php(219): Illuminate/Foundation/Http/Middleware/ConvertEmptyStringsToNull->handle(Object(Illuminate/Http/Request), Object(Closure))
#25 C:/Users/MIS-01/Documents/GitHub/Refactor-Kiosk/backend/vendor/laravel/framework/src/Illuminate/Foundation/Http/Middleware/TransformsRequest.php(21): Illuminate/Pipeline/Pipeline->{closure:{closure:Illuminate/Pipeline/Pipeline::carry():194}:195}(Object(Illuminate/Http/Request))
#26 C:/Users/MIS-01/Documents/GitHub/Refactor-Kiosk/backend/vendor/laravel/framework/src/Illuminate/Foundation/Http/Middleware/TrimStrings.php(51): Illuminate/Foundation/Http/Middleware/TransformsRequest->handle(Object(Illuminate/Http/Request), Object(Closure))
#27 C:/Users/MIS-01/Documents/GitHub/Refactor-Kiosk/backend/vendor/laravel/framework/src/Illuminate/Pipeline/Pipeline.php(219): Illuminate/Foundation/Http/Middleware/TrimStrings->handle(Object(Illuminate/Http/Request), Object(Closure))
#28 C:/Users/MIS-01/Documents/GitHub/Refactor-Kiosk/backend/vendor/laravel/framework/src/Illuminate/Http/Middleware/ValidatePostSize.php(27): Illuminate/Pipeline/Pipeline->{closure:{closure:Illuminate/Pipeline/Pipeline::carry():194}:195}(Object(Illuminate/Http/Request))
#29 C:/Users/MIS-01/Documents/GitHub/Refactor-Kiosk/backend/vendor/laravel/framework/src/Illuminate/Pipeline/Pipeline.php(219): Illuminate/Http/Middleware/ValidatePostSize->handle(Object(Illuminate/Http/Request), Object(Closure))
#30 C:/Users/MIS-01/Documents/GitHub/Refactor-Kiosk/backend/vendor/laravel/framework/src/Illuminate/Foundation/Http/Middleware/PreventRequestsDuringMaintenance.php(110): Illuminate/Pipeline/Pipeline->{closure:{closure:Illuminate/Pipeline/Pipeline::carry():194}:195}(Object(Illuminate/Http/Request))
#31 C:/Users/MIS-01/Documents/GitHub/Refactor-Kiosk/backend/vendor/laravel/framework/src/Illuminate/Pipeline/Pipeline.php(219): Illuminate/Foundation/Http/Middleware/PreventRequestsDuringMaintenance->handle(Object(Illuminate/Http/Request), Object(Closure))
#32 C:/Users/MIS-01/Documents/GitHub/Refactor-Kiosk/backend/vendor/laravel/framework/src/Illuminate/Http/Middleware/HandleCors.php(74): Illuminate/Pipeline/Pipeline->{closure:{closure:Illuminate/Pipeline/Pipeline::carry():194}:195}(Object(Illuminate/Http/Request))
#33 C:/Users/MIS-01/Documents/GitHub/Refactor-Kiosk/backend/vendor/laravel/framework/src/Illuminate/Pipeline/Pipeline.php(219): Illuminate/Http/Middleware/HandleCors->handle(Object(Illuminate/Http/Request), Object(Closure))
#34 C:/Users/MIS-01/Documents/GitHub/Refactor-Kiosk/backend/vendor/laravel/framework/src/Illuminate/Http/Middleware/TrustProxies.php(58): Illuminate/Pipeline/Pipeline->{closure:{closure:Illuminate/Pipeline/Pipeline::carry():194}:195}(Object(Illuminate/Http/Request))
#35 C:/Users/MIS-01/Documents/GitHub/Refactor-Kiosk/backend/vendor/laravel/framework/src/Illuminate/Pipeline/Pipeline.php(219): Illuminate/Http/Middleware/TrustProxies->handle(Object(Illuminate/Http/Request), Object(Closure))
#36 C:/Users/MIS-01/Documents/GitHub/Refactor-Kiosk/backend/vendor/laravel/framework/src/Illuminate/Foundation/Http/Middleware/InvokeDeferredCallbacks.php(22): Illuminate/Pipeline/Pipeline->{closure:{closure:Illuminate/Pipeline/Pipeline::carry():194}:195}(Object(Illuminate/Http/Request))
#37 C:/Users/MIS-01/Documents/GitHub/Refactor-Kiosk/backend/vendor/laravel/framework/src/Illuminate/Pipeline/Pipeline.php(219): Illuminate/Foundation/Http/Middleware/InvokeDeferredCallbacks->handle(Object(Illuminate/Http/Request), Object(Closure))
#38 C:/Users/MIS-01/Documents/GitHub/Refactor-Kiosk/backend/vendor/laravel/framework/src/Illuminate/Http/Middleware/ValidatePathEncoding.php(28): Illuminate/Pipeline/Pipeline->{closure:{closure:Illuminate/Pipeline/Pipeline::carry():194}:195}(Object(Illuminate/Http/Request))
#39 C:/Users/MIS-01/Documents/GitHub/Refactor-Kiosk/backend/vendor/laravel/framework/src/Illuminate/Pipeline/Pipeline.php(219): Illuminate/Http/Middleware/ValidatePathEncoding->handle(Object(Illuminate/Http/Request), Object(Closure))
#40 C:/Users/MIS-01/Documents/GitHub/Refactor-Kiosk/backend/vendor/laravel/framework/src/Illuminate/Pipeline/Pipeline.php(137): Illuminate/Pipeline/Pipeline->{closure:{closure:Illuminate/Pipeline/Pipeline::carry():194}:195}(Object(Illuminate/Http/Request))
#41 C:/Users/MIS-01/Documents/GitHub/Refactor-Kiosk/backend/vendor/laravel/framework/src/Illuminate/Foundation/Http/Kernel.php(175): Illuminate/Pipeline/Pipeline->then(Object(Closure))
#42 C:/Users/MIS-01/Documents/GitHub/Refactor-Kiosk/backend/vendor/laravel/framework/src/Illuminate/Foundation/Http/Kernel.php(144): Illuminate/Foundation/Http/Kernel->sendRequestThroughRouter(Object(Illuminate/Http/Request))
#43 C:/Users/MIS-01/Documents/GitHub/Refactor-Kiosk/backend/vendor/laravel/framework/src/Illuminate/Foundation/Application.php(1227): Illuminate/Foundation/Http/Kernel->handle(Object(Illuminate/Http/Request))
#44 C:/Users/MIS-01/Documents/GitHub/Refactor-Kiosk/backend/public/index.php(20): Illuminate/Foundation/Application->handleRequest(Object(Illuminate/Http/Request))
#45 C:/Users/MIS-01/Documents/GitHub/Refactor-Kiosk/backend/vendor/laravel/framework/src/Illuminate/Foundation/resources/server.php(23): require_once('C://Users//MIS-01...')
#46 {main}

[previous exception] [object] (PDOException(code: HY000): SQLSTATE[HY000]: General error: 1 no such column: welcome_background_url at C:/Users/MIS-01/Documents/GitHub/Refactor-Kiosk/backend/vendor/laravel/framework/src/Illuminate/Database/Connection.php:622)
[stacktrace]
#0 C:/Users/MIS-01/Documents/GitHub/Refactor-Kiosk/backend/vendor/laravel/framework/src/Illuminate/Database/Connection.php(622): PDO->prepare('update \"system_...')
#1 C:/Users/MIS-01/Documents/GitHub/Refactor-Kiosk/backend/vendor/laravel/framework/src/Illuminate/Database/Connection.php(846): Illuminate/Database/Connection->{closure:Illuminate/Database/Connection::affectingStatement():614}('update \"system_...', Array)
#2 C:/Users/MIS-01/Documents/GitHub/Refactor-Kiosk/backend/vendor/laravel/framework/src/Illuminate/Database/Connection.php(813): Illuminate/Database/Connection->runQueryCallback('update \"system_...', Array, Object(Closure))
#3 C:/Users/MIS-01/Documents/GitHub/Refactor-Kiosk/backend/vendor/laravel/framework/src/Illuminate/Database/Connection.php(614): Illuminate/Database/Connection->run('update \"system_...', Array, Object(Closure))
#4 C:/Users/MIS-01/Documents/GitHub/Refactor-Kiosk/backend/vendor/laravel/framework/src/Illuminate/Database/Connection.php(566): Illuminate/Database/Connection->affectingStatement('update \"system_...', Array)
#5 C:/Users/MIS-01/Documents/GitHub/Refactor-Kiosk/backend/vendor/laravel/framework/src/Illuminate/Database/Query/Builder.php(4321): Illuminate/Database/Connection->update('update \"system_...', Array)
#6 C:/Users/MIS-01/Documents/GitHub/Refactor-Kiosk/backend/vendor/laravel/framework/src/Illuminate/Database/Query/Builder.php(4369): Illuminate/Database/Query/Builder->update(Object(Illuminate/Support/Collection))
#7 C:/Users/MIS-01/Documents/GitHub/Refactor-Kiosk/backend/app/Http/Controllers/Api/AdminSettingsController.php(65): Illuminate/Database/Query/Builder->updateOrInsert(Array, Array)
#8 C:/Users/MIS-01/Documents/GitHub/Refactor-Kiosk/backend/vendor/laravel/framework/src/Illuminate/Routing/ControllerDispatcher.php(46): App/Http/Controllers/Api/AdminSettingsController->update(Object(Illuminate/Http/Request))
#9 C:/Users/MIS-01/Documents/GitHub/Refactor-Kiosk/backend/vendor/laravel/framework/src/Illuminate/Routing/Route.php(276): Illuminate/Routing/ControllerDispatcher->dispatch(Object(Illuminate/Routing/Route), Object(App/Http/Controllers/Api/AdminSettingsController), 'update')
#10 C:/Users/MIS-01/Documents/GitHub/Refactor-Kiosk/backend/vendor/laravel/framework/src/Illuminate/Routing/Route.php(216): Illuminate/Routing/Route->runController()
#11 C:/Users/MIS-01/Documents/GitHub/Refactor-Kiosk/backend/vendor/laravel/framework/src/Illuminate/Routing/Router.php(822): Illuminate/Routing/Route->run()
#12 C:/Users/MIS-01/Documents/GitHub/Refactor-Kiosk/backend/vendor/laravel/framework/src/Illuminate/Pipeline/Pipeline.php(180): Illuminate/Routing/Router->{closure:Illuminate/Routing/Router::runRouteWithinStack():821}(Object(Illuminate/Http/Request))
#13 C:/Users/MIS-01/Documents/GitHub/Refactor-Kiosk/backend/vendor/laravel/framework/src/Illuminate/Routing/Middleware/SubstituteBindings.php(52): Illuminate/Pipeline/Pipeline->{closure:Illuminate/Pipeline/Pipeline::prepareDestination():178}(Object(Illuminate/Http/Request))
#14 C:/Users/MIS-01/Documents/GitHub/Refactor-Kiosk/backend/vendor/laravel/framework/src/Illuminate/Pipeline/Pipeline.php(219): Illuminate/Routing/Middleware/SubstituteBindings->handle(Object(Illuminate/Http/Request), Object(Closure))
#15 C:/Users/MIS-01/Documents/GitHub/Refactor-Kiosk/backend/vendor/laravel/framework/src/Illuminate/Auth/Middleware/Authenticate.php(63): Illuminate/Pipeline/Pipeline->{closure:{closure:Illuminate/Pipeline/Pipeline::carry():194}:195}(Object(Illuminate/Http/Request))
#16 C:/Users/MIS-01/Documents/GitHub/Refactor-Kiosk/backend/vendor/laravel/framework/src/Illuminate/Pipeline/Pipeline.php(219): Illuminate/Auth/Middleware/Authenticate->handle(Object(Illuminate/Http/Request), Object(Closure), 'sanctum')
#17 C:/Users/MIS-01/Documents/GitHub/Refactor-Kiosk/backend/vendor/laravel/framework/src/Illuminate/Pipeline/Pipeline.php(137): Illuminate/Pipeline/Pipeline->{closure:{closure:Illuminate/Pipeline/Pipeline::carry():194}:195}(Object(Illuminate/Http/Request))
#18 C:/Users/MIS-01/Documents/GitHub/Refactor-Kiosk/backend/vendor/laravel/framework/src/Illuminate/Routing/Router.php(821): Illuminate/Pipeline/Pipeline->then(Object(Closure))
#19 C:/Users/MIS-01/Documents/GitHub/Refactor-Kiosk/backend/vendor/laravel/framework/src/Illuminate/Routing/Router.php(800): Illuminate/Routing/Router->runRouteWithinStack(Object(Illuminate/Routing/Route), Object(Illuminate/Http/Request))
#20 C:/Users/MIS-01/Documents/GitHub/Refactor-Kiosk/backend/vendor/laravel/framework/src/Illuminate/Routing/Router.php(764): Illuminate/Routing/Router->runRoute(Object(Illuminate/Http/Request), Object(Illuminate/Routing/Route))
#21 C:/Users/MIS-01/Documents/GitHub/Refactor-Kiosk/backend/vendor/laravel/framework/src/Illuminate/Routing/Router.php(753): Illuminate/Routing/Router->dispatchToRoute(Object(Illuminate/Http/Request))
#22 C:/Users/MIS-01/Documents/GitHub/Refactor-Kiosk/backend/vendor/laravel/framework/src/Illuminate/Foundation/Http/Kernel.php(200): Illuminate/Routing/Router->dispatch(Object(Illuminate/Http/Request))
#23 C:/Users/MIS-01/Documents/GitHub/Refactor-Kiosk/backend/vendor/laravel/framework/src/Illuminate/Pipeline/Pipeline.php(180): Illuminate/Foundation/Http/Kernel->{closure:Illuminate/Foundation/Http/Kernel::dispatchToRouter():197}(Object(Illuminate/Http/Request))
#24 C:/Users/MIS-01/Documents/GitHub/Refactor-Kiosk/backend/vendor/laravel/framework/src/Illuminate/Foundation/Http/Middleware/TransformsRequest.php(21): Illuminate/Pipeline/Pipeline->{closure:Illuminate/Pipeline/Pipeline::prepareDestination():178}(Object(Illuminate/Http/Request))
#25 C:/Users/MIS-01/Documents/GitHub/Refactor-Kiosk/backend/vendor/laravel/framework/src/Illuminate/Foundation/Http/Middleware/ConvertEmptyStringsToNull.php(31): Illuminate/Foundation/Http/Middleware/TransformsRequest->handle(Object(Illuminate/Http/Request), Object(Closure))
#26 C:/Users/MIS-01/Documents/GitHub/Refactor-Kiosk/backend/vendor/laravel/framework/src/Illuminate/Pipeline/Pipeline.php(219): Illuminate/Foundation/Http/Middleware/ConvertEmptyStringsToNull->handle(Object(Illuminate/Http/Request), Object(Closure))
#27 C:/Users/MIS-01/Documents/GitHub/Refactor-Kiosk/backend/vendor/laravel/framework/src/Illuminate/Foundation/Http/Middleware/TransformsRequest.php(21): Illuminate/Pipeline/Pipeline->{closure:{closure:Illuminate/Pipeline/Pipeline::carry():194}:195}(Object(Illuminate/Http/Request))
#28 C:/Users/MIS-01/Documents/GitHub/Refactor-Kiosk/backend/vendor/laravel/framework/src/Illuminate/Foundation/Http/Middleware/TrimStrings.php(51): Illuminate/Foundation/Http/Middleware/TransformsRequest->handle(Object(Illuminate/Http/Request), Object(Closure))
#29 C:/Users/MIS-01/Documents/GitHub/Refactor-Kiosk/backend/vendor/laravel/framework/src/Illuminate/Pipeline/Pipeline.php(219): Illuminate/Foundation/Http/Middleware/TrimStrings->handle(Object(Illuminate/Http/Request), Object(Closure))
#30 C:/Users/MIS-01/Documents/GitHub/Refactor-Kiosk/backend/vendor/laravel/framework/src/Illuminate/Http/Middleware/ValidatePostSize.php(27): Illuminate/Pipeline/Pipeline->{closure:{closure:Illuminate/Pipeline/Pipeline::carry():194}:195}(Object(Illuminate/Http/Request))
#31 C:/Users/MIS-01/Documents/GitHub/Refactor-Kiosk/backend/vendor/laravel/framework/src/Illuminate/Pipeline/Pipeline.php(219): Illuminate/Http/Middleware/ValidatePostSize->handle(Object(Illuminate/Http/Request), Object(Closure))
#32 C:/Users/MIS-01/Documents/GitHub/Refactor-Kiosk/backend/vendor/laravel/framework/src/Illuminate/Foundation/Http/Middleware/PreventRequestsDuringMaintenance.php(110): Illuminate/Pipeline/Pipeline->{closure:{closure:Illuminate/Pipeline/Pipeline::carry():194}:195}(Object(Illuminate/Http/Request))
#33 C:/Users/MIS-01/Documents/GitHub/Refactor-Kiosk/backend/vendor/laravel/framework/src/Illuminate/Pipeline/Pipeline.php(219): Illuminate/Foundation/Http/Middleware/PreventRequestsDuringMaintenance->handle(Object(Illuminate/Http/Request), Object(Closure))
#34 C:/Users/MIS-01/Documents/GitHub/Refactor-Kiosk/backend/vendor/laravel/framework/src/Illuminate/Http/Middleware/HandleCors.php(74): Illuminate/Pipeline/Pipeline->{closure:{closure:Illuminate/Pipeline/Pipeline::carry():194}:195}(Object(Illuminate/Http/Request))
#35 C:/Users/MIS-01/Documents/GitHub/Refactor-Kiosk/backend/vendor/laravel/framework/src/Illuminate/Pipeline/Pipeline.php(219): Illuminate/Http/Middleware/HandleCors->handle(Object(Illuminate/Http/Request), Object(Closure))
#36 C:/Users/MIS-01/Documents/GitHub/Refactor-Kiosk/backend/vendor/laravel/framework/src/Illuminate/Http/Middleware/TrustProxies.php(58): Illuminate/Pipeline/Pipeline->{closure:{closure:Illuminate/Pipeline/Pipeline::carry():194}:195}(Object(Illuminate/Http/Request))
#37 C:/Users/MIS-01/Documents/GitHub/Refactor-Kiosk/backend/vendor/laravel/framework/src/Illuminate/Pipeline/Pipeline.php(219): Illuminate/Http/Middleware/TrustProxies->handle(Object(Illuminate/Http/Request), Object(Closure))
#38 C:/Users/MIS-01/Documents/GitHub/Refactor-Kiosk/backend/vendor/laravel/framework/src/Illuminate/Foundation/Http/Middleware/InvokeDeferredCallbacks.php(22): Illuminate/Pipeline/Pipeline->{closure:{closure:Illuminate/Pipeline/Pipeline::carry():194}:195}(Object(Illuminate/Http/Request))
#39 C:/Users/MIS-01/Documents/GitHub/Refactor-Kiosk/backend/vendor/laravel/framework/src/Illuminate/Pipeline/Pipeline.php(219): Illuminate/Foundation/Http/Middleware/InvokeDeferredCallbacks->handle(Object(Illuminate/Http/Request), Object(Closure))
#40 C:/Users/MIS-01/Documents/GitHub/Refactor-Kiosk/backend/vendor/laravel/framework/src/Illuminate/Http/Middleware/ValidatePathEncoding.php(28): Illuminate/Pipeline/Pipeline->{closure:{closure:Illuminate/Pipeline/Pipeline::carry():194}:195}(Object(Illuminate/Http/Request))
#41 C:/Users/MIS-01/Documents/GitHub/Refactor-Kiosk/backend/vendor/laravel/framework/src/Illuminate/Pipeline/Pipeline.php(219): Illuminate/Http/Middleware/ValidatePathEncoding->handle(Object(Illuminate/Http/Request), Object(Closure))
#42 C:/Users/MIS-01/Documents/GitHub/Refactor-Kiosk/backend/vendor/laravel/framework/src/Illuminate/Pipeline/Pipeline.php(137): Illuminate/Pipeline/Pipeline->{closure:{closure:Illuminate/Pipeline/Pipeline::carry():194}:195}(Object(Illuminate/Http/Request))
#43 C:/Users/MIS-01/Documents/GitHub/Refactor-Kiosk/backend/vendor/laravel/framework/src/Illuminate/Foundation/Http/Kernel.php(175): Illuminate/Pipeline/Pipeline->then(Object(Closure))
#44 C:/Users/MIS-01/Documents/GitHub/Refactor-Kiosk/backend/vendor/laravel/framework/src/Illuminate/Foundation/Http/Kernel.php(144): Illuminate/Foundation/Http/Kernel->sendRequestThroughRouter(Object(Illuminate/Http/Request))
#45 C:/Users/MIS-01/Documents/GitHub/Refactor-Kiosk/backend/vendor/laravel/framework/src/Illuminate/Foundation/Application.php(1227): Illuminate/Foundation/Http/Kernel->handle(Object(Illuminate/Http/Request))
#46 C:/Users/MIS-01/Documents/GitHub/Refactor-Kiosk/backend/public/index.php(20): Illuminate/Foundation/Application->handleRequest(Object(Illuminate/Http/Request))
#47 C:/Users/MIS-01/Documents/GitHub/Refactor-Kiosk/backend/vendor/laravel/framework/src/Illuminate/Foundation/resources/server.php(23): require_once('C://Users//MIS-01...')
#48 {main}
"} 
[2026-09-02 10:55:49] local.ERROR: Route [login] not defined. {"exception":"[object] (Symfony\\Component\\Routing\\Exception\\RouteNotFoundException(code: 0): Route [login] not defined. at C:/Users/MIS-01/Documents/GitHub/Refactor-Kiosk/backend/vendor/laravel/framework/src/Illuminate/Routing/UrlGenerator.php:542)
[stacktrace]
#0 C:/Users/MIS-01/Documents/GitHub/Refactor-Kiosk/backend/vendor/laravel/framework/src/Illuminate/Foundation/helpers.php(870): Illuminate/Routing/UrlGenerator->route('login', Array, true)
#1 C:/Users/MIS-01/Documents/GitHub/Refactor-Kiosk/backend/vendor/laravel/framework/src/Illuminate/Foundation/Configuration/ApplicationBuilder.php(291): route('login')
#2 [internal function]: Illuminate/Foundation/Configuration/ApplicationBuilder->{closure:{closure:Illuminate/Foundation/Configuration/ApplicationBuilder::withMiddleware():289}:291}(Object(Illuminate/Http/Request))
#3 C:/Users/MIS-01/Documents/GitHub/Refactor-Kiosk/backend/vendor/laravel/framework/src/Illuminate/Auth/Middleware/Authenticate.php(117): call_user_func(Object(Closure), Object(Illuminate/Http/Request))
#4 C:/Users/MIS-01/Documents/GitHub/Refactor-Kiosk/backend/vendor/laravel/framework/src/Illuminate/Auth/Middleware/Authenticate.php(104): Illuminate/Auth/Middleware/Authenticate->redirectTo(Object(Illuminate/Http/Request))
#5 C:/Users/MIS-01/Documents/GitHub/Refactor-Kiosk/backend/vendor/laravel/framework/src/Illuminate/Auth/Middleware/Authenticate.php(87): Illuminate/Auth/Middleware/Authenticate->unauthenticated(Object(Illuminate/Http/Request), Array)
#6 C:/Users/MIS-01/Documents/GitHub/Refactor-Kiosk/backend/vendor/laravel/framework/src/Illuminate/Auth/Middleware/Authenticate.php(61): Illuminate/Auth/Middleware/Authenticate->authenticate(Object(Illuminate/Http/Request), Array)
#7 C:/Users/MIS-01/Documents/GitHub/Refactor-Kiosk/backend/vendor/laravel/framework/src/Illuminate/Pipeline/Pipeline.php(219): Illuminate/Auth/Middleware/Authenticate->handle(Object(Illuminate/Http/Request), Object(Closure), 'sanctum')
#8 C:/Users/MIS-01/Documents/GitHub/Refactor-Kiosk/backend/vendor/laravel/framework/src/Illuminate/Pipeline/Pipeline.php(137): Illuminate/Pipeline/Pipeline->{closure:{closure:Illuminate/Pipeline/Pipeline::carry():194}:195}(Object(Illuminate/Http/Request))
#9 C:/Users/MIS-01/Documents/GitHub/Refactor-Kiosk/backend/vendor/laravel/framework/src/Illuminate/Routing/Router.php(821): Illuminate/Pipeline/Pipeline->then(Object(Closure))
#10 C:/Users/MIS-01/Documents/GitHub/Refactor-Kiosk/backend/vendor/laravel/framework/src/Illuminate/Routing/Router.php(800): Illuminate/Routing/Router->runRouteWithinStack(Object(Illuminate/Routing/Route), Object(Illuminate/Http/Request))
#11 C:/Users/MIS-01/Documents/GitHub/Refactor-Kiosk/backend/vendor/laravel/framework/src/Illuminate/Routing/Router.php(764): Illuminate/Routing/Router->runRoute(Object(Illuminate/Http/Request), Object(Illuminate/Routing/Route))
#12 C:/Users/MIS-01/Documents/GitHub/Refactor-Kiosk/backend/vendor/laravel/framework/src/Illuminate/Routing/Router.php(753): Illuminate/Routing/Router->dispatchToRoute(Object(Illuminate/Http/Request))
#13 C:/Users/MIS-01/Documents/GitHub/Refactor-Kiosk/backend/vendor/laravel/framework/src/Illuminate/Foundation/Http/Kernel.php(200): Illuminate/Routing/Router->dispatch(Object(Illuminate/Http/Request))
#14 C:/Users/MIS-01/Documents/GitHub/Refactor-Kiosk/backend/vendor/laravel/framework/src/Illuminate/Pipeline/Pipeline.php(180): Illuminate/Foundation/Http/Kernel->{closure:Illuminate/Foundation/Http/Kernel::dispatchToRouter():197}(Object(Illuminate/Http/Request))
#15 C:/Users/MIS-01/Documents/GitHub/Refactor-Kiosk/backend/vendor/laravel/framework/src/Illuminate/Foundation/Http/Middleware/TransformsRequest.php(21): Illuminate/Pipeline/Pipeline->{closure:Illuminate/Pipeline/Pipeline::prepareDestination():178}(Object(Illuminate/Http/Request))
#16 C:/Users/MIS-01/Documents/GitHub/Refactor-Kiosk/backend/vendor/laravel/framework/src/Illuminate/Foundation/Http/Middleware/ConvertEmptyStringsToNull.php(31): Illuminate/Foundation/Http/Middleware/TransformsRequest->handle(Object(Illuminate/Http/Request), Object(Closure))
#17 C:/Users/MIS-01/Documents/GitHub/Refactor-Kiosk/backend/vendor/laravel/framework/src/Illuminate/Pipeline/Pipeline.php(219): Illuminate/Foundation/Http/Middleware/ConvertEmptyStringsToNull->handle(Object(Illuminate/Http/Request), Object(Closure))
#18 C:/Users/MIS-01/Documents/GitHub/Refactor-Kiosk/backend/vendor/laravel/framework/src/Illuminate/Foundation/Http/Middleware/TransformsRequest.php(21): Illuminate/Pipeline/Pipeline->{closure:{closure:Illuminate/Pipeline/Pipeline::carry():194}:195}(Object(Illuminate/Http/Request))
#19 C:/Users/MIS-01/Documents/GitHub/Refactor-Kiosk/backend/vendor/laravel/framework/src/Illuminate/Foundation/Http/Middleware/TrimStrings.php(51): Illuminate/Foundation/Http/Middleware/TransformsRequest->handle(Object(Illuminate/Http/Request), Object(Closure))
#20 C:/Users/MIS-01/Documents/GitHub/Refactor-Kiosk/backend/vendor/laravel/framework/src/Illuminate/Pipeline/Pipeline.php(219): Illuminate/Foundation/Http/Middleware/TrimStrings->handle(Object(Illuminate/Http/Request), Object(Closure))
#21 C:/Users/MIS-01/Documents/GitHub/Refactor-Kiosk/backend/vendor/laravel/framework/src/Illuminate/Http/Middleware/ValidatePostSize.php(27): Illuminate/Pipeline/Pipeline->{closure:{closure:Illuminate/Pipeline/Pipeline::carry():194}:195}(Object(Illuminate/Http/Request))
#22 C:/Users/MIS-01/Documents/GitHub/Refactor-Kiosk/backend/vendor/laravel/framework/src/Illuminate/Pipeline/Pipeline.php(219): Illuminate/Http/Middleware/ValidatePostSize->handle(Object(Illuminate/Http/Request), Object(Closure))
#23 C:/Users/MIS-01/Documents/GitHub/Refactor-Kiosk/backend/vendor/laravel/framework/src/Illuminate/Foundation/Http/Middleware/PreventRequestsDuringMaintenance.php(110): Illuminate/Pipeline/Pipeline->{closure:{closure:Illuminate/Pipeline/Pipeline::carry():194}:195}(Object(Illuminate/Http/Request))
#24 C:/Users/MIS-01/Documents/GitHub/Refactor-Kiosk/backend/vendor/laravel/framework/src/Illuminate/Pipeline/Pipeline.php(219): Illuminate/Foundation/Http/Middleware/PreventRequestsDuringMaintenance->handle(Object(Illuminate/Http/Request), Object(Closure))
#25 C:/Users/MIS-01/Documents/GitHub/Refactor-Kiosk/backend/vendor/laravel/framework/src/Illuminate/Http/Middleware/HandleCors.php(74): Illuminate/Pipeline/Pipeline->{closure:{closure:Illuminate/Pipeline/Pipeline::carry():194}:195}(Object(Illuminate/Http/Request))
#26 C:/Users/MIS-01/Documents/GitHub/Refactor-Kiosk/backend/vendor/laravel/framework/src/Illuminate/Pipeline/Pipeline.php(219): Illuminate/Http/Middleware/HandleCors->handle(Object(Illuminate/Http/Request), Object(Closure))
#27 C:/Users/MIS-01/Documents/GitHub/Refactor-Kiosk/backend/vendor/laravel/framework/src/Illuminate/Http/Middleware/TrustProxies.php(58): Illuminate/Pipeline/Pipeline->{closure:{closure:Illuminate/Pipeline/Pipeline::carry():194}:195}(Object(Illuminate/Http/Request))
#28 C:/Users/MIS-01/Documents/GitHub/Refactor-Kiosk/backend/vendor/laravel/framework/src/Illuminate/Pipeline/Pipeline.php(219): Illuminate/Http/Middleware/TrustProxies->handle(Object(Illuminate/Http/Request), Object(Closure))
#29 C:/Users/MIS-01/Documents/GitHub/Refactor-Kiosk/backend/vendor/laravel/framework/src/Illuminate/Foundation/Http/Middleware/InvokeDeferredCallbacks.php(22): Illuminate/Pipeline/Pipeline->{closure:{closure:Illuminate/Pipeline/Pipeline::carry():194}:195}(Object(Illuminate/Http/Request))
#30 C:/Users/MIS-01/Documents/GitHub/Refactor-Kiosk/backend/vendor/laravel/framework/src/Illuminate/Pipeline/Pipeline.php(219): Illuminate/Foundation/Http/Middleware/InvokeDeferredCallbacks->handle(Object(Illuminate/Http/Request), Object(Closure))
#31 C:/Users/MIS-01/Documents/GitHub/Refactor-Kiosk/backend/vendor/laravel/framework/src/Illuminate/Http/Middleware/ValidatePathEncoding.php(28): Illuminate/Pipeline/Pipeline->{closure:{closure:Illuminate/Pipeline/Pipeline::carry():194}:195}(Object(Illuminate/Http/Request))
#32 C:/Users/MIS-01/Documents/GitHub/Refactor-Kiosk/backend/vendor/laravel/framework/src/Illuminate/Pipeline/Pipeline.php(219): Illuminate/Http/Middleware/ValidatePathEncoding->handle(Object(Illuminate/Http/Request), Object(Closure))
#33 C:/Users/MIS-01/Documents/GitHub/Refactor-Kiosk/backend/vendor/laravel/framework/src/Illuminate/Pipeline/Pipeline.php(137): Illuminate/Pipeline/Pipeline->{closure:{closure:Illuminate/Pipeline/Pipeline::carry():194}:195}(Object(Illuminate/Http/Request))
#34 C:/Users/MIS-01/Documents/GitHub/Refactor-Kiosk/backend/vendor/laravel/framework/src/Illuminate/Foundation/Http/Kernel.php(175): Illuminate/Pipeline/Pipeline->then(Object(Closure))
#35 C:/Users/MIS-01/Documents/GitHub/Refactor-Kiosk/backend/vendor/laravel/framework/src/Illuminate/Foundation/Http/Kernel.php(144): Illuminate/Foundation/Http/Kernel->sendRequestThroughRouter(Object(Illuminate/Http/Request))
#36 C:/Users/MIS-01/Documents/GitHub/Refactor-Kiosk/backend/vendor/laravel/framework/src/Illuminate/Foundation/Application.php(1227): Illuminate/Foundation/Http/Kernel->handle(Object(Illuminate/Http/Request))
#37 C:/Users/MIS-01/Documents/GitHub/Refactor-Kiosk/backend/public/index.php(20): Illuminate/Foundation/Application->handleRequest(Object(Illuminate/Http/Request))
#38 C:/Users/MIS-01/Documents/GitHub/Refactor-Kiosk/backend/vendor/laravel/framework/src/Illuminate/Foundation/resources/server.php(23): require_once('C://Users//MIS-01...')
#39 {main}
"} 
